[NeMo W 2026-08-14 22:30:30 nemo_logging:361] $TMP/openramble-short-shape/mobius/models/stt/parakeet-tdt-v3-0.6b/coreml/.venv/lib/python3.10/site-packages/pydub/utils.py:170: RuntimeWarning: Couldn't find ffmpeg or avconv - defaulting to ffmpeg, but may not work
      warn("Couldn't find ffmpeg or avconv - defaulting to ffmpeg, but may not work", RuntimeWarning)

[NeMo W 2026-08-14 22:30:37 modelPT:180] If you intend to do training or fine-tuning, please call the ModelPT.setup_training_data() method and provide a valid configuration file to setup the train data loader.
    Train config :
    use_lhotse: true
    skip_missing_manifest_entries: true
    input_cfg: null
    tarred_audio_filepaths: null
    manifest_filepath: null
    sample_rate: 16000
    shuffle: true
    num_workers: 2
    pin_memory: true
    max_duration: 10.0
    min_duration: 1.0
    text_field: answer
    batch_duration: null
    max_tps: null
    use_bucketing: true
    bucket_duration_bins: null
    bucket_batch_size: null
    num_buckets: 30
    bucket_buffer_size: 20000
    shuffle_buffer_size: 10000

[NeMo W 2026-08-14 22:30:37 modelPT:187] If you intend to do validation, please call the ModelPT.setup_validation_data() or ModelPT.setup_multiple_validation_data() method and provide a valid configuration file to setup the validation data loader(s).
    Validation config :
    use_lhotse: true
    manifest_filepath: null
    sample_rate: 16000
    batch_size: 16
    shuffle: false
    max_duration: 40.0
    min_duration: 0.1
    num_workers: 2
    pin_memory: true
    text_field: answer

[NeMo W 2026-08-14 22:30:39 tdt_loop_labels_computer:300] No conditional node support for Cuda.
    Cuda graphs with while loops are disabled, decoding speed will be slower
    Reason: CUDA is not available
[NeMo W 2026-08-14 22:30:39 tdt_loop_labels_computer:300] No conditional node support for Cuda.
    Cuda graphs with while loops are disabled, decoding speed will be slower
    Reason: CUDA is not available
Tuple detected at graph output. This will be flattened in the converted model.

Converting PyTorch Frontend ==> MIL Ops:   0%|          | 0/122 [00:00<?, ? ops/s]Saving value type of int64 into a builtin type of int32, might lose precision!
Saving value type of int64 into a builtin type of int32, might lose precision!

Converting PyTorch Frontend ==> MIL Ops:  98%|█████████▊| 120/122 [00:00<00:00, 7168.42 ops/s]

Running MIL frontend_pytorch pipeline:   0%|          | 0/5 [00:00<?, ? passes/s]
Running MIL frontend_pytorch pipeline: 100%|██████████| 5/5 [00:00<00:00, 1145.23 passes/s]

Running MIL default pipeline:   0%|          | 0/95 [00:00<?, ? passes/s]Saving value type of float64 into a builtin type of fp32, might lose precision!
Saving value type of float64 into a builtin type of fp32, might lose precision!

Running MIL default pipeline:  65%|██████▌   | 62/95 [00:00<00:00, 619.73 passes/s]
Running MIL default pipeline: 100%|██████████| 95/95 [00:00<00:00, 737.22 passes/s]

Running MIL backend_mlprogram pipeline:   0%|          | 0/12 [00:00<?, ? passes/s]
Running MIL backend_mlprogram pipeline: 100%|██████████| 12/12 [00:00<00:00, 1724.87 passes/s]

Running compression pass linear_quantize_weights:   0%|          | 0/4 [00:00<?, ? ops/s][NeMo W 2026-08-14 22:30:41 nemo_logging:361] $TMP/openramble-short-shape/mobius/models/stt/parakeet-tdt-v3-0.6b/coreml/.venv/lib/python3.10/site-packages/coremltools/optimize/_utils.py:113: RuntimeWarning: invalid value encountered in divide
      quantized_data = np.round(weight / scale)

[NeMo W 2026-08-14 22:30:41 nemo_logging:361] $TMP/openramble-short-shape/mobius/models/stt/parakeet-tdt-v3-0.6b/coreml/.venv/lib/python3.10/site-packages/coremltools/optimize/_utils.py:120: RuntimeWarning: invalid value encountered in divide
      zero_point = (q_val_min * val_max - q_val_max * val_min) / (val_max - val_min)

[NeMo W 2026-08-14 22:30:41 nemo_logging:361] $TMP/openramble-short-shape/mobius/models/stt/parakeet-tdt-v3-0.6b/coreml/.venv/lib/python3.10/site-packages/coremltools/optimize/_utils.py:294: RuntimeWarning: invalid value encountered in cast
      quantized_data = quantized_data.reshape(weight.shape).astype(np_dtype)

[NeMo W 2026-08-14 22:30:41 nemo_logging:361] $TMP/openramble-short-shape/mobius/models/stt/parakeet-tdt-v3-0.6b/coreml/.venv/lib/python3.10/site-packages/coremltools/optimize/_utils.py:297: RuntimeWarning: invalid value encountered in cast
      zero_point = zero_point.reshape(scale_shape).astype(np_dtype)


Running compression pass linear_quantize_weights: 100%|██████████| 4/4 [00:00<00:00, 383.36 ops/s]

Running MIL frontend_milinternal pipeline: 0 passes [00:00, ? passes/s]
Running MIL frontend_milinternal pipeline: 0 passes [00:00, ? passes/s]

Running MIL default pipeline:   0%|          | 0/92 [00:00<?, ? passes/s]
Running MIL default pipeline: 100%|██████████| 92/92 [00:00<00:00, 1354.48 passes/s]

Running MIL backend_mlprogram pipeline:   0%|          | 0/12 [00:00<?, ? passes/s]
Running MIL backend_mlprogram pipeline: 100%|██████████| 12/12 [00:00<00:00, 1701.66 passes/s]
Tuple detected at graph output. This will be flattened in the converted model.

Converting PyTorch Frontend ==> MIL Ops:   0%|          | 0/2847 [00:00<?, ? ops/s]Saving value type of int64 into a builtin type of int32, might lose precision!

Converting PyTorch Frontend ==> MIL Ops:  19%|█▉        | 550/2847 [00:00<00:00, 5479.95 ops/s]
Converting PyTorch Frontend ==> MIL Ops:  39%|███▊      | 1098/2847 [00:00<00:00, 5048.08 ops/s]
Converting PyTorch Frontend ==> MIL Ops:  56%|█████▋    | 1606/2847 [00:00<00:00, 5001.98 ops/s]
Converting PyTorch Frontend ==> MIL Ops:  74%|███████▍  | 2108/2847 [00:00<00:00, 4769.90 ops/s]
Converting PyTorch Frontend ==> MIL Ops:  92%|█████████▏| 2606/2847 [00:00<00:00, 4839.97 ops/s]
Converting PyTorch Frontend ==> MIL Ops: 100%|█████████▉| 2845/2847 [00:00<00:00, 4900.13 ops/s]

Running MIL frontend_pytorch pipeline:   0%|          | 0/5 [00:00<?, ? passes/s]
Running MIL frontend_pytorch pipeline:  60%|██████    | 3/5 [00:00<00:00, 25.06 passes/s]
Running MIL frontend_pytorch pipeline: 100%|██████████| 5/5 [00:00<00:00, 31.71 passes/s]

Running MIL default pipeline:   0%|          | 0/95 [00:00<?, ? passes/s]
Running MIL default pipeline:   5%|▌         | 5/95 [00:00<00:02, 42.90 passes/s]
Running MIL default pipeline:  12%|█▏        | 11/95 [00:00<00:01, 46.56 passes/s]
Running MIL default pipeline:  18%|█▊        | 17/95 [00:00<00:01, 45.04 passes/s]
Running MIL default pipeline:  24%|██▍       | 23/95 [00:00<00:01, 46.45 passes/s]
Running MIL default pipeline:  31%|███       | 29/95 [00:00<00:01, 49.96 passes/s]
Running MIL default pipeline:  37%|███▋      | 35/95 [00:00<00:01, 33.42 passes/s]
Running MIL default pipeline:  42%|████▏     | 40/95 [00:01<00:01, 35.64 passes/s]
Running MIL default pipeline:  47%|████▋     | 45/95 [00:01<00:01, 36.81 passes/s]
Running MIL default pipeline:  53%|█████▎    | 50/95 [00:01<00:01, 39.66 passes/s]
Running MIL default pipeline:  59%|█████▉    | 56/95 [00:01<00:01, 28.57 passes/s]
Running MIL default pipeline:  63%|██████▎   | 60/95 [00:06<00:11,  3.01 passes/s]
Running MIL default pipeline:  66%|██████▋   | 63/95 [00:06<00:08,  3.58 passes/s]
Running MIL default pipeline:  69%|██████▉   | 66/95 [00:07<00:06,  4.35 passes/s]
Running MIL default pipeline:  77%|███████▋  | 73/95 [00:07<00:03,  7.25 passes/s]
Running MIL default pipeline:  84%|████████▍ | 80/95 [00:07<00:01, 10.91 passes/s]
Running MIL default pipeline:  91%|█████████ | 86/95 [00:07<00:00, 14.65 passes/s]
Running MIL default pipeline:  97%|█████████▋| 92/95 [00:08<00:00, 11.12 passes/s]
Running MIL default pipeline: 100%|██████████| 95/95 [00:08<00:00, 11.46 passes/s]

Running MIL backend_mlprogram pipeline:   0%|          | 0/12 [00:00<?, ? passes/s]
Running MIL backend_mlprogram pipeline:  58%|█████▊    | 7/12 [00:00<00:00, 54.99 passes/s]
Running MIL backend_mlprogram pipeline: 100%|██████████| 12/12 [00:00<00:00, 57.32 passes/s]

Running compression pass palettize_weights:   0%|          | 0/614 [00:00<?, ? ops/s]
Running compression pass palettize_weights:   0%|          | 1/614 [00:00<05:18,  1.92 ops/s]
Running compression pass palettize_weights:   1%|▏         | 9/614 [00:00<00:33, 17.81 ops/s]
Running compression pass palettize_weights:   2%|▏         | 13/614 [00:01<00:42, 14.09 ops/s]
Running compression pass palettize_weights:   3%|▎         | 16/614 [00:01<00:49, 12.17 ops/s]
Running compression pass palettize_weights:   3%|▎         | 18/614 [00:01<00:59, 10.07 ops/s]
Running compression pass palettize_weights:   3%|▎         | 21/614 [00:01<00:46, 12.78 ops/s]
Running compression pass palettize_weights:   4%|▎         | 23/614 [00:01<00:49, 12.04 ops/s]
Running compression pass palettize_weights:   4%|▍         | 27/614 [00:02<00:37, 15.46 ops/s]
Running compression pass palettize_weights:   5%|▍         | 30/614 [00:02<00:36, 15.85 ops/s]
Running compression pass palettize_weights:   5%|▌         | 33/614 [00:02<00:32, 17.94 ops/s]
Running compression pass palettize_weights:   6%|▌         | 36/614 [00:02<00:41, 13.92 ops/s]
Running compression pass palettize_weights:   6%|▌         | 38/614 [00:03<00:53, 10.78 ops/s]
Running compression pass palettize_weights:   7%|▋         | 42/614 [00:03<00:51, 11.10 ops/s]
Running compression pass palettize_weights:   7%|▋         | 44/614 [00:03<00:59,  9.52 ops/s]
Running compression pass palettize_weights:   8%|▊         | 47/614 [00:03<00:52, 10.76 ops/s]
Running compression pass palettize_weights:   8%|▊         | 51/614 [00:04<00:40, 13.87 ops/s]
Running compression pass palettize_weights:   9%|▉         | 55/614 [00:04<00:39, 14.21 ops/s]
Running compression pass palettize_weights:   9%|▉         | 58/614 [00:04<00:34, 16.33 ops/s]
Running compression pass palettize_weights:  10%|▉         | 61/614 [00:04<00:42, 13.08 ops/s]
Running compression pass palettize_weights:  10%|█         | 63/614 [00:05<00:52, 10.55 ops/s]
Running compression pass palettize_weights:  11%|█         | 67/614 [00:05<00:49, 11.07 ops/s]
Running compression pass palettize_weights:  11%|█         | 69/614 [00:05<00:58,  9.30 ops/s]
Running compression pass palettize_weights:  12%|█▏        | 71/614 [00:05<00:51, 10.61 ops/s]
Running compression pass palettize_weights:  12%|█▏        | 73/614 [00:06<00:51, 10.45 ops/s]
Running compression pass palettize_weights:  13%|█▎        | 77/614 [00:06<00:38, 13.98 ops/s]
Running compression pass palettize_weights:  13%|█▎        | 80/614 [00:06<00:35, 14.96 ops/s]
Running compression pass palettize_weights:  14%|█▎        | 83/614 [00:06<00:30, 17.27 ops/s]
Running compression pass palettize_weights:  14%|█▍        | 86/614 [00:06<00:38, 13.57 ops/s]
Running compression pass palettize_weights:  14%|█▍        | 88/614 [00:07<00:49, 10.63 ops/s]
Running compression pass palettize_weights:  15%|█▍        | 92/614 [00:07<00:47, 11.05 ops/s]
Running compression pass palettize_weights:  15%|█▌        | 94/614 [00:07<00:55,  9.38 ops/s]
Running compression pass palettize_weights:  16%|█▌        | 97/614 [00:08<00:48, 10.68 ops/s]
Running compression pass palettize_weights:  16%|█▋        | 101/614 [00:08<00:37, 13.77 ops/s]
Running compression pass palettize_weights:  17%|█▋        | 105/614 [00:08<00:36, 13.99 ops/s]
Running compression pass palettize_weights:  18%|█▊        | 108/614 [00:08<00:31, 16.03 ops/s]
Running compression pass palettize_weights:  18%|█▊        | 111/614 [00:08<00:38, 13.22 ops/s]
Running compression pass palettize_weights:  18%|█▊        | 113/614 [00:09<00:47, 10.59 ops/s]
Running compression pass palettize_weights:  19%|█▉        | 117/614 [00:09<00:45, 10.93 ops/s]
Running compression pass palettize_weights:  19%|█▉        | 119/614 [00:09<00:53,  9.24 ops/s]
Running compression pass palettize_weights:  20%|█▉        | 122/614 [00:10<00:46, 10.56 ops/s]
Running compression pass palettize_weights:  21%|██        | 126/614 [00:10<00:35, 13.61 ops/s]
Running compression pass palettize_weights:  21%|██        | 130/614 [00:10<00:34, 14.01 ops/s]
Running compression pass palettize_weights:  22%|██▏       | 133/614 [00:10<00:29, 16.12 ops/s]
Running compression pass palettize_weights:  22%|██▏       | 136/614 [00:11<00:36, 13.09 ops/s]
Running compression pass palettize_weights:  22%|██▏       | 138/614 [00:11<00:46, 10.34 ops/s]
Running compression pass palettize_weights:  23%|██▎       | 142/614 [00:11<00:42, 11.06 ops/s]
Running compression pass palettize_weights:  23%|██▎       | 144/614 [00:12<00:50,  9.37 ops/s]
Running compression pass palettize_weights:  24%|██▍       | 147/614 [00:12<00:43, 10.65 ops/s]
Running compression pass palettize_weights:  25%|██▍       | 151/614 [00:12<00:33, 13.69 ops/s]
Running compression pass palettize_weights:  25%|██▌       | 155/614 [00:12<00:33, 13.89 ops/s]
Running compression pass palettize_weights:  26%|██▌       | 158/614 [00:12<00:28, 15.97 ops/s]
Running compression pass palettize_weights:  26%|██▌       | 161/614 [00:13<00:34, 13.08 ops/s]
Running compression pass palettize_weights:  27%|██▋       | 163/614 [00:13<00:42, 10.50 ops/s]
Running compression pass palettize_weights:  27%|██▋       | 167/614 [00:13<00:40, 10.98 ops/s]
Running compression pass palettize_weights:  28%|██▊       | 169/614 [00:14<00:47,  9.40 ops/s]
Running compression pass palettize_weights:  28%|██▊       | 171/614 [00:14<00:41, 10.72 ops/s]
Running compression pass palettize_weights:  28%|██▊       | 173/614 [00:14<00:41, 10.55 ops/s]
Running compression pass palettize_weights:  29%|██▉       | 177/614 [00:14<00:30, 14.11 ops/s]
Running compression pass palettize_weights:  29%|██▉       | 180/614 [00:14<00:28, 15.01 ops/s]
Running compression pass palettize_weights:  30%|██▉       | 183/614 [00:14<00:24, 17.39 ops/s]
Running compression pass palettize_weights:  30%|███       | 186/614 [00:15<00:31, 13.64 ops/s]
Running compression pass palettize_weights:  31%|███       | 188/614 [00:15<00:39, 10.79 ops/s]
Running compression pass palettize_weights:  31%|███▏      | 192/614 [00:15<00:37, 11.28 ops/s]
Running compression pass palettize_weights:  32%|███▏      | 194/614 [00:16<00:44,  9.51 ops/s]
Running compression pass palettize_weights:  32%|███▏      | 197/614 [00:16<00:38, 10.80 ops/s]
Running compression pass palettize_weights:  33%|███▎      | 201/614 [00:16<00:29, 13.90 ops/s]
Running compression pass palettize_weights:  33%|███▎      | 205/614 [00:16<00:28, 14.20 ops/s]
Running compression pass palettize_weights:  34%|███▍      | 208/614 [00:16<00:24, 16.32 ops/s]
Running compression pass palettize_weights:  34%|███▍      | 211/614 [00:17<00:30, 13.31 ops/s]
Running compression pass palettize_weights:  35%|███▍      | 213/614 [00:17<00:38, 10.41 ops/s]
Running compression pass palettize_weights:  35%|███▌      | 217/614 [00:17<00:35, 11.06 ops/s]
Running compression pass palettize_weights:  36%|███▌      | 219/614 [00:18<00:42,  9.39 ops/s]
Running compression pass palettize_weights:  36%|███▌      | 221/614 [00:18<00:36, 10.68 ops/s]
Running compression pass palettize_weights:  36%|███▋      | 223/614 [00:18<00:37, 10.47 ops/s]
Running compression pass palettize_weights:  37%|███▋      | 227/614 [00:18<00:27, 13.99 ops/s]
Running compression pass palettize_weights:  37%|███▋      | 230/614 [00:18<00:25, 14.88 ops/s]
Running compression pass palettize_weights:  38%|███▊      | 233/614 [00:18<00:22, 17.18 ops/s]
Running compression pass palettize_weights:  38%|███▊      | 236/614 [00:19<00:27, 13.52 ops/s]
Running compression pass palettize_weights:  39%|███▉      | 238/614 [00:19<00:35, 10.66 ops/s]
Running compression pass palettize_weights:  39%|███▉      | 242/614 [00:19<00:33, 11.15 ops/s]
Running compression pass palettize_weights:  40%|███▉      | 244/614 [00:20<00:39,  9.36 ops/s]
Running compression pass palettize_weights:  40%|████      | 247/614 [00:20<00:34, 10.64 ops/s]
Running compression pass palettize_weights:  41%|████      | 251/614 [00:20<00:26, 13.70 ops/s]
Running compression pass palettize_weights:  42%|████▏     | 255/614 [00:20<00:25, 14.05 ops/s]
Running compression pass palettize_weights:  42%|████▏     | 258/614 [00:20<00:22, 16.15 ops/s]
Running compression pass palettize_weights:  43%|████▎     | 261/614 [00:21<00:27, 13.06 ops/s]
Running compression pass palettize_weights:  43%|████▎     | 263/614 [00:21<00:33, 10.59 ops/s]
Running compression pass palettize_weights:  43%|████▎     | 267/614 [00:21<00:31, 11.09 ops/s]
Running compression pass palettize_weights:  44%|████▍     | 269/614 [00:22<00:36,  9.55 ops/s]
Running compression pass palettize_weights:  44%|████▍     | 272/614 [00:22<00:31, 10.74 ops/s]
Running compression pass palettize_weights:  45%|████▍     | 276/614 [00:22<00:24, 13.81 ops/s]
Running compression pass palettize_weights:  46%|████▌     | 280/614 [00:22<00:23, 13.92 ops/s]
Running compression pass palettize_weights:  46%|████▌     | 283/614 [00:23<00:20, 15.93 ops/s]
Running compression pass palettize_weights:  47%|████▋     | 286/614 [00:23<00:24, 13.22 ops/s]
Running compression pass palettize_weights:  47%|████▋     | 288/614 [00:23<00:30, 10.62 ops/s]
Running compression pass palettize_weights:  48%|████▊     | 292/614 [00:24<00:28, 11.25 ops/s]
Running compression pass palettize_weights:  48%|████▊     | 294/614 [00:24<00:33,  9.55 ops/s]
Running compression pass palettize_weights:  48%|████▊     | 296/614 [00:24<00:29, 10.85 ops/s]
Running compression pass palettize_weights:  49%|████▊     | 298/614 [00:24<00:29, 10.67 ops/s]
Running compression pass palettize_weights:  49%|████▉     | 302/614 [00:24<00:22, 14.17 ops/s]
Running compression pass palettize_weights:  50%|████▉     | 305/614 [00:24<00:20, 15.14 ops/s]
Running compression pass palettize_weights:  50%|█████     | 308/614 [00:25<00:17, 17.31 ops/s]
Running compression pass palettize_weights:  51%|█████     | 311/614 [00:25<00:22, 13.56 ops/s]
Running compression pass palettize_weights:  51%|█████     | 313/614 [00:25<00:28, 10.53 ops/s]
Running compression pass palettize_weights:  52%|█████▏    | 317/614 [00:26<00:26, 11.14 ops/s]
Running compression pass palettize_weights:  52%|█████▏    | 319/614 [00:26<00:31,  9.32 ops/s]
Running compression pass palettize_weights:  52%|█████▏    | 321/614 [00:26<00:27, 10.64 ops/s]
Running compression pass palettize_weights:  53%|█████▎    | 323/614 [00:26<00:27, 10.46 ops/s]
Running compression pass palettize_weights:  53%|█████▎    | 327/614 [00:26<00:20, 13.98 ops/s]
Running compression pass palettize_weights:  54%|█████▎    | 330/614 [00:27<00:19, 14.87 ops/s]
Running compression pass palettize_weights:  54%|█████▍    | 333/614 [00:27<00:16, 16.90 ops/s]
Running compression pass palettize_weights:  55%|█████▍    | 336/614 [00:27<00:21, 13.15 ops/s]
Running compression pass palettize_weights:  55%|█████▌    | 338/614 [00:27<00:27, 10.10 ops/s]
Running compression pass palettize_weights:  56%|█████▌    | 342/614 [00:28<00:25, 10.86 ops/s]
Running compression pass palettize_weights:  56%|█████▌    | 344/614 [00:28<00:29,  9.27 ops/s]
Running compression pass palettize_weights:  56%|█████▋    | 346/614 [00:28<00:25, 10.62 ops/s]
Running compression pass palettize_weights:  57%|█████▋    | 348/614 [00:28<00:25, 10.46 ops/s]
Running compression pass palettize_weights:  57%|█████▋    | 352/614 [00:28<00:18, 13.93 ops/s]
Running compression pass palettize_weights:  58%|█████▊    | 355/614 [00:29<00:17, 14.88 ops/s]
Running compression pass palettize_weights:  58%|█████▊    | 358/614 [00:29<00:14, 17.26 ops/s]
Running compression pass palettize_weights:  59%|█████▉    | 361/614 [00:29<00:18, 13.50 ops/s]
Running compression pass palettize_weights:  59%|█████▉    | 363/614 [00:29<00:23, 10.75 ops/s]
Running compression pass palettize_weights:  60%|█████▉    | 367/614 [00:30<00:22, 11.06 ops/s]
Running compression pass palettize_weights:  60%|██████    | 369/614 [00:30<00:27,  9.03 ops/s]
Running compression pass palettize_weights:  61%|██████    | 372/614 [00:30<00:23, 10.35 ops/s]
Running compression pass palettize_weights:  61%|██████    | 374/614 [00:30<00:20, 11.62 ops/s]
Running compression pass palettize_weights:  61%|██████▏   | 377/614 [00:31<00:17, 13.44 ops/s]
Running compression pass palettize_weights:  62%|██████▏   | 380/614 [00:31<00:16, 14.30 ops/s]
Running compression pass palettize_weights:  62%|██████▏   | 383/614 [00:31<00:13, 16.84 ops/s]
Running compression pass palettize_weights:  63%|██████▎   | 386/614 [00:31<00:17, 13.07 ops/s]
Running compression pass palettize_weights:  63%|██████▎   | 388/614 [00:32<00:21, 10.39 ops/s]
Running compression pass palettize_weights:  64%|██████▍   | 392/614 [00:32<00:20, 10.97 ops/s]
Running compression pass palettize_weights:  64%|██████▍   | 394/614 [00:32<00:23,  9.24 ops/s]
Running compression pass palettize_weights:  65%|██████▍   | 397/614 [00:32<00:20, 10.53 ops/s]
Running compression pass palettize_weights:  65%|██████▍   | 399/614 [00:33<00:18, 11.82 ops/s]
Running compression pass palettize_weights:  65%|██████▌   | 402/614 [00:33<00:15, 13.60 ops/s]
Running compression pass palettize_weights:  66%|██████▌   | 405/614 [00:33<00:14, 14.65 ops/s]
Running compression pass palettize_weights:  66%|██████▋   | 408/614 [00:33<00:12, 17.06 ops/s]
Running compression pass palettize_weights:  67%|██████▋   | 411/614 [00:33<00:15, 13.24 ops/s]
Running compression pass palettize_weights:  67%|██████▋   | 413/614 [00:34<00:19, 10.20 ops/s]
Running compression pass palettize_weights:  68%|██████▊   | 417/614 [00:34<00:18, 10.80 ops/s]
Running compression pass palettize_weights:  68%|██████▊   | 419/614 [00:34<00:20,  9.31 ops/s]
Running compression pass palettize_weights:  69%|██████▊   | 421/614 [00:34<00:18, 10.65 ops/s]
Running compression pass palettize_weights:  69%|██████▉   | 423/614 [00:35<00:18, 10.52 ops/s]
Running compression pass palettize_weights:  70%|██████▉   | 427/614 [00:35<00:13, 14.04 ops/s]
Running compression pass palettize_weights:  70%|███████   | 430/614 [00:35<00:12, 14.86 ops/s]
Running compression pass palettize_weights:  71%|███████   | 433/614 [00:35<00:10, 17.23 ops/s]
Running compression pass palettize_weights:  71%|███████   | 436/614 [00:35<00:13, 13.56 ops/s]
Running compression pass palettize_weights:  71%|███████▏  | 438/614 [00:36<00:16, 10.75 ops/s]
Running compression pass palettize_weights:  72%|███████▏  | 442/614 [00:36<00:15, 11.30 ops/s]
Running compression pass palettize_weights:  72%|███████▏  | 444/614 [00:36<00:17,  9.45 ops/s]
Running compression pass palettize_weights:  73%|███████▎  | 447/614 [00:37<00:15, 10.75 ops/s]
Running compression pass palettize_weights:  73%|███████▎  | 449/614 [00:37<00:13, 12.04 ops/s]
Running compression pass palettize_weights:  74%|███████▎  | 452/614 [00:37<00:11, 13.84 ops/s]
Running compression pass palettize_weights:  74%|███████▍  | 455/614 [00:37<00:10, 14.95 ops/s]
Running compression pass palettize_weights:  75%|███████▍  | 458/614 [00:37<00:09, 17.21 ops/s]
Running compression pass palettize_weights:  75%|███████▌  | 461/614 [00:37<00:11, 13.24 ops/s]
Running compression pass palettize_weights:  75%|███████▌  | 463/614 [00:38<00:14, 10.37 ops/s]
Running compression pass palettize_weights:  76%|███████▌  | 467/614 [00:38<00:13, 10.97 ops/s]
Running compression pass palettize_weights:  76%|███████▋  | 469/614 [00:38<00:15,  9.34 ops/s]
Running compression pass palettize_weights:  77%|███████▋  | 471/614 [00:39<00:13, 10.69 ops/s]
Running compression pass palettize_weights:  77%|███████▋  | 473/614 [00:39<00:13, 10.47 ops/s]
Running compression pass palettize_weights:  78%|███████▊  | 477/614 [00:39<00:09, 14.03 ops/s]
Running compression pass palettize_weights:  78%|███████▊  | 480/614 [00:39<00:08, 14.98 ops/s]
Running compression pass palettize_weights:  79%|███████▊  | 483/614 [00:39<00:07, 17.35 ops/s]
Running compression pass palettize_weights:  79%|███████▉  | 486/614 [00:39<00:09, 13.63 ops/s]
Running compression pass palettize_weights:  79%|███████▉  | 488/614 [00:40<00:11, 10.68 ops/s]
Running compression pass palettize_weights:  80%|████████  | 492/614 [00:40<00:10, 11.15 ops/s]
Running compression pass palettize_weights:  80%|████████  | 494/614 [00:40<00:12,  9.34 ops/s]
Running compression pass palettize_weights:  81%|████████  | 497/614 [00:41<00:10, 10.68 ops/s]
Running compression pass palettize_weights:  82%|████████▏ | 501/614 [00:41<00:08, 13.77 ops/s]
Running compression pass palettize_weights:  82%|████████▏ | 505/614 [00:41<00:07, 14.18 ops/s]
Running compression pass palettize_weights:  83%|████████▎ | 508/614 [00:41<00:06, 16.25 ops/s]
Running compression pass palettize_weights:  83%|████████▎ | 511/614 [00:42<00:07, 13.31 ops/s]
Running compression pass palettize_weights:  84%|████████▎ | 513/614 [00:42<00:09, 10.70 ops/s]
Running compression pass palettize_weights:  84%|████████▍ | 517/614 [00:42<00:08, 11.18 ops/s]
Running compression pass palettize_weights:  85%|████████▍ | 519/614 [00:43<00:10,  9.41 ops/s]
Running compression pass palettize_weights:  85%|████████▍ | 521/614 [00:43<00:08, 10.73 ops/s]
Running compression pass palettize_weights:  85%|████████▌ | 523/614 [00:43<00:08, 10.58 ops/s]
Running compression pass palettize_weights:  86%|████████▌ | 527/614 [00:43<00:06, 14.04 ops/s]
Running compression pass palettize_weights:  86%|████████▋ | 530/614 [00:43<00:05, 14.78 ops/s]
Running compression pass palettize_weights:  87%|████████▋ | 533/614 [00:43<00:04, 17.12 ops/s]
Running compression pass palettize_weights:  87%|████████▋ | 536/614 [00:44<00:05, 13.13 ops/s]
Running compression pass palettize_weights:  88%|████████▊ | 538/614 [00:44<00:07, 10.35 ops/s]
Running compression pass palettize_weights:  88%|████████▊ | 542/614 [00:44<00:06, 10.98 ops/s]
Running compression pass palettize_weights:  89%|████████▊ | 544/614 [00:45<00:07,  9.26 ops/s]
Running compression pass palettize_weights:  89%|████████▉ | 547/614 [00:45<00:06, 10.54 ops/s]
Running compression pass palettize_weights:  90%|████████▉ | 551/614 [00:45<00:04, 13.61 ops/s]
Running compression pass palettize_weights:  90%|█████████ | 555/614 [00:45<00:04, 13.92 ops/s]
Running compression pass palettize_weights:  91%|█████████ | 558/614 [00:45<00:03, 16.03 ops/s]
Running compression pass palettize_weights:  91%|█████████▏| 561/614 [00:46<00:04, 12.88 ops/s]
Running compression pass palettize_weights:  92%|█████████▏| 563/614 [00:46<00:04, 10.48 ops/s]
Running compression pass palettize_weights:  92%|█████████▏| 567/614 [00:46<00:04, 11.12 ops/s]
Running compression pass palettize_weights:  93%|█████████▎| 569/614 [00:47<00:04,  9.51 ops/s]
Running compression pass palettize_weights:  93%|█████████▎| 571/614 [00:47<00:03, 10.82 ops/s]
Running compression pass palettize_weights:  93%|█████████▎| 573/614 [00:47<00:03, 10.63 ops/s]
Running compression pass palettize_weights:  94%|█████████▍| 577/614 [00:47<00:02, 14.12 ops/s]
Running compression pass palettize_weights:  94%|█████████▍| 580/614 [00:47<00:02, 14.92 ops/s]
Running compression pass palettize_weights:  95%|█████████▍| 583/614 [00:47<00:01, 17.27 ops/s]
Running compression pass palettize_weights:  95%|█████████▌| 586/614 [00:48<00:02, 13.61 ops/s]
Running compression pass palettize_weights:  96%|█████████▌| 588/614 [00:48<00:02, 10.56 ops/s]
Running compression pass palettize_weights:  96%|█████████▋| 592/614 [00:48<00:01, 11.20 ops/s]
Running compression pass palettize_weights:  97%|█████████▋| 594/614 [00:49<00:02,  9.37 ops/s]
Running compression pass palettize_weights:  97%|█████████▋| 596/614 [00:49<00:01, 10.68 ops/s]
Running compression pass palettize_weights:  97%|█████████▋| 598/614 [00:49<00:01, 10.49 ops/s]
Running compression pass palettize_weights:  98%|█████████▊| 602/614 [00:49<00:00, 13.87 ops/s]
Running compression pass palettize_weights:  99%|█████████▊| 605/614 [00:49<00:00, 14.80 ops/s]
Running compression pass palettize_weights:  99%|█████████▉| 608/614 [00:50<00:00, 17.05 ops/s]
Running compression pass palettize_weights: 100%|█████████▉| 611/614 [00:50<00:00, 13.12 ops/s]
Running compression pass palettize_weights: 100%|█████████▉| 613/614 [00:50<00:00, 10.48 ops/s]
Running compression pass palettize_weights: 100%|██████████| 614/614 [00:50<00:00, 12.11 ops/s]

Running MIL frontend_milinternal pipeline: 0 passes [00:00, ? passes/s]
Running MIL frontend_milinternal pipeline: 0 passes [00:00, ? passes/s]

Running MIL default pipeline:   0%|          | 0/92 [00:00<?, ? passes/s]
Running MIL default pipeline:   5%|▌         | 5/92 [00:00<00:01, 48.41 passes/s]
Running MIL default pipeline:  12%|█▏        | 11/92 [00:00<00:01, 49.36 passes/s]
Running MIL default pipeline:  18%|█▊        | 17/92 [00:00<00:01, 44.87 passes/s]
Running MIL default pipeline:  24%|██▍       | 22/92 [00:00<00:01, 45.46 passes/s]
Running MIL default pipeline:  29%|██▉       | 27/92 [00:00<00:01, 43.78 passes/s]
Running MIL default pipeline:  36%|███▌      | 33/92 [00:00<00:01, 46.62 passes/s]
Running MIL default pipeline:  41%|████▏     | 38/92 [00:01<00:01, 30.37 passes/s]
Running MIL default pipeline:  46%|████▌     | 42/92 [00:01<00:01, 31.37 passes/s]
Running MIL default pipeline:  51%|█████     | 47/92 [00:01<00:01, 35.46 passes/s]
Running MIL default pipeline:  57%|█████▋    | 52/92 [00:01<00:01, 36.80 passes/s]
Running MIL default pipeline:  62%|██████▏   | 57/92 [00:01<00:01, 27.43 passes/s]
Running MIL default pipeline:  67%|██████▋   | 62/92 [00:01<00:00, 31.75 passes/s]
Running MIL default pipeline:  73%|███████▎  | 67/92 [00:01<00:00, 35.07 passes/s]
Running MIL default pipeline:  78%|███████▊  | 72/92 [00:01<00:00, 38.05 passes/s]
Running MIL default pipeline:  84%|████████▎ | 77/92 [00:02<00:00, 40.06 passes/s]
Running MIL default pipeline:  89%|████████▉ | 82/92 [00:02<00:00, 39.47 passes/s]
Running MIL default pipeline:  95%|█████████▍| 87/92 [00:02<00:00, 38.85 passes/s]
Running MIL default pipeline: 100%|██████████| 92/92 [00:02<00:00, 26.48 passes/s]
Running MIL default pipeline: 100%|██████████| 92/92 [00:02<00:00, 34.64 passes/s]

Running MIL backend_mlprogram pipeline:   0%|          | 0/12 [00:00<?, ? passes/s]
Running MIL backend_mlprogram pipeline:  42%|████▏     | 5/12 [00:00<00:00, 45.51 passes/s]
Running MIL backend_mlprogram pipeline:  83%|████████▎ | 10/12 [00:00<00:00, 40.43 passes/s]
Running MIL backend_mlprogram pipeline: 100%|██████████| 12/12 [00:00<00:00, 43.26 passes/s]
