Building for production...
[0/4] Write sources
[2/4] Write swift-version--58304C5D6DBC2206.txt
[4/5] Compiling FluidAudio CohereAsrConfig.swift
$TMP/openramble-fused-tdt-cached/FluidAudio/Sources/FluidAudio/ASR/Cohere/CoherePipeline.swift:159:17: warning: initialization of 'UnsafePointer<Float>' results in a dangling pointer [#TemporaryPointers]
 157 |             let start = frame * config.hopLength
 158 |             vDSP_vmul(
 159 |                 UnsafePointer(padded).advanced(by: start), 1,
     |                 |             |- note: implicit argument conversion from '[Float]' to 'UnsafePointer<Float>' produces a pointer valid only for the duration of the call to 'init(_:)'
     |                 |             `- note: use the 'withUnsafeBufferPointer' method on Array in order to explicitly convert argument to buffer pointer valid for a defined scope
     |                 `- warning: initialization of 'UnsafePointer<Float>' results in a dangling pointer [#TemporaryPointers]
 160 |                 paddedWindow, 1,
 161 |                 &windowed, 1,

$TMP/openramble-fused-tdt-cached/FluidAudio/Sources/FluidAudio/ASR/Parakeet/SlidingWindow/SlidingWindowAsrManager.swift:355:13: warning: initialization of immutable value 'sampleRate' was never used; consider replacing with assignment to '_' or removing it [#no-usage]
353 |         let right = config.rightContextSamples
354 |         let left = config.leftContextSamples
355 |         let sampleRate = config.asrConfig.sampleRate
    |             `- warning: initialization of immutable value 'sampleRate' was never used; consider replacing with assignment to '_' or removing it [#no-usage]
356 |
357 |         var currentAbsEnd = bufferStartIndex + sampleBuffer.count

$TMP/openramble-fused-tdt-cached/FluidAudio/Sources/FluidAudio/ASR/Parakeet/SlidingWindow/SlidingWindowAsrManager.swift:389:13: warning: initialization of immutable value 'sampleRate' was never used; consider replacing with assignment to '_' or removing it [#no-usage]
387 |         let chunk = config.chunkSamples
388 |         let left = config.leftContextSamples
389 |         let sampleRate = config.asrConfig.sampleRate
    |             `- warning: initialization of immutable value 'sampleRate' was never used; consider replacing with assignment to '_' or removing it [#no-usage]
390 |
391 |         var currentAbsEnd = bufferStartIndex + sampleBuffer.count

$TMP/openramble-fused-tdt-cached/FluidAudio/Sources/FluidAudio/ASR/Parakeet/SlidingWindow/TDT/Decoder/EncoderFrameView.swift:97:13: warning: 'cblas_scopy' was deprecated in macOS 13.3: An updated CBLAS interface supporting ILP64 is available.  Please compile with -DACCELERATE_NEW_LAPACK to access the new headers and -DACCELERATE_LAPACK_ILP64 for ILP64 support. [#DeprecatedDeclaration]
 95 |             destination.update(from: sourcePointer, count: hiddenSize)
 96 |         } else {
 97 |             cblas_scopy(count, sourcePointer, incX, destination, destStrideCblas)
    |             `- warning: 'cblas_scopy' was deprecated in macOS 13.3: An updated CBLAS interface supporting ILP64 is available.  Please compile with -DACCELERATE_NEW_LAPACK to access the new headers and -DACCELERATE_LAPACK_ILP64 for ILP64 support. [#DeprecatedDeclaration]
 98 |         }
 99 |     }

$TMP/openramble-fused-tdt-cached/FluidAudio/Sources/FluidAudio/ASR/Parakeet/SlidingWindow/TDT/Decoder/TdtModelInference.swift:505:9: warning: 'cblas_scopy' was deprecated in macOS 13.3: An updated CBLAS interface supporting ILP64 is available.  Please compile with -DACCELERATE_NEW_LAPACK to access the new headers and -DACCELERATE_LAPACK_ILP64 for ILP64 support. [#DeprecatedDeclaration]
503 |         let count = try makeBlasIndex(hiddenSize, label: "Decoder projection length")
504 |         let stride = try makeBlasIndex(hiddenStride, label: "Decoder projection stride")
505 |         cblas_scopy(count, startPtr, stride, destPtr, destStrideCblas)
    |         `- warning: 'cblas_scopy' was deprecated in macOS 13.3: An updated CBLAS interface supporting ILP64 is available.  Please compile with -DACCELERATE_NEW_LAPACK to access the new headers and -DACCELERATE_LAPACK_ILP64 for ILP64 support. [#DeprecatedDeclaration]
506 |
507 |         return out

$TMP/openramble-fused-tdt-cached/FluidAudio/Sources/FluidAudio/ASR/Parakeet/Streaming/Nemotron/StreamingNemotronMultilingualAsrManager+Pipeline.swift:311:53: warning: no 'async' operations occur within 'await' expression
309 |             let jointBatched = self.jointNoEncProjBatched,
310 |             let decoder = self.decoder,
311 |             let encProjResolved: MLMultiArray = try await {
    |                                                     `- warning: no 'async' operations occur within 'await' expression
312 |                 if let direct = encoderProj { return direct }
313 |                 return nil

$TMP/openramble-fused-tdt-cached/FluidAudio/Sources/FluidAudio/ASR/Parakeet/Streaming/Nemotron/StreamingNemotronMultilingualAsrManager+Pipeline.swift:311:49: warning: no calls to throwing functions occur within 'try' expression
309 |             let jointBatched = self.jointNoEncProjBatched,
310 |             let decoder = self.decoder,
311 |             let encProjResolved: MLMultiArray = try await {
    |                                                 `- warning: no calls to throwing functions occur within 'try' expression
312 |                 if let direct = encoderProj { return direct }
313 |                 return nil

$TMP/openramble-fused-tdt-cached/FluidAudio/Sources/FluidAudio/ASR/Parakeet/Streaming/RnntDecoder.swift:91:17: warning: initialization of immutable value 'globalT' was never used; consider replacing with assignment to '_' or removing it [#no-usage]
 89 |
 90 |         outerLoop: for t in startT..<maxT {
 91 |             let globalT = timeOffset + t
    |                 `- warning: initialization of immutable value 'globalT' was never used; consider replacing with assignment to '_' or removing it [#no-usage]
 92 |
 93 |             // Extract encoder step

$TMP/openramble-fused-tdt-cached/FluidAudio/Sources/FluidAudio/Diarizer/Offline/Clustering/VBxClustering.swift:312:25: warning: 'cblas_dgemv' was deprecated in macOS 13.3: An updated CBLAS interface supporting ILP64 is available.  Please compile with -DACCELERATE_NEW_LAPACK to access the new headers and -DACCELERATE_LAPACK_ILP64 for ILP64 support. [#DeprecatedDeclaration]
310 |                             let sumBase = sumPtr.baseAddress
311 |                         else { return }
312 |                         cblas_dgemv(
    |                         `- warning: 'cblas_dgemv' was deprecated in macOS 13.3: An updated CBLAS interface supporting ILP64 is available.  Please compile with -DACCELERATE_NEW_LAPACK to access the new headers and -DACCELERATE_LAPACK_ILP64 for ILP64 support. [#DeprecatedDeclaration]
313 |                             CblasRowMajor,
314 |                             CblasTrans,

$TMP/openramble-fused-tdt-cached/FluidAudio/Sources/FluidAudio/Diarizer/Offline/Clustering/VBxClustering.swift:342:25: warning: 'cblas_dgemm' was deprecated in macOS 13.3: An updated CBLAS interface supporting ILP64 is available.  Please compile with -DACCELERATE_NEW_LAPACK to access the new headers and -DACCELERATE_LAPACK_ILP64 for ILP64 support. [#DeprecatedDeclaration]
340 |                 rho.withUnsafeBufferPointer { rhoPtr in
341 |                     temp.withUnsafeMutableBufferPointer { tempPtr in
342 |                         cblas_dgemm(
    |                         `- warning: 'cblas_dgemm' was deprecated in macOS 13.3: An updated CBLAS interface supporting ILP64 is available.  Please compile with -DACCELERATE_NEW_LAPACK to access the new headers and -DACCELERATE_LAPACK_ILP64 for ILP64 support. [#DeprecatedDeclaration]
343 |                             CblasRowMajor,
344 |                             CblasTrans,

$TMP/openramble-fused-tdt-cached/FluidAudio/Sources/FluidAudio/Diarizer/Offline/Clustering/VBxClustering.swift:441:25: warning: 'cblas_dgemm' was deprecated in macOS 13.3: An updated CBLAS interface supporting ILP64 is available.  Please compile with -DACCELERATE_NEW_LAPACK to access the new headers and -DACCELERATE_LAPACK_ILP64 for ILP64 support. [#DeprecatedDeclaration]
439 |                 alpha.withUnsafeBufferPointer { alphaPtr in
440 |                     logP.withUnsafeMutableBufferPointer { logPtr in
441 |                         cblas_dgemm(
    |                         `- warning: 'cblas_dgemm' was deprecated in macOS 13.3: An updated CBLAS interface supporting ILP64 is available.  Please compile with -DACCELERATE_NEW_LAPACK to access the new headers and -DACCELERATE_LAPACK_ILP64 for ILP64 support. [#DeprecatedDeclaration]
442 |                             CblasRowMajor,
443 |                             CblasNoTrans,

$TMP/openramble-fused-tdt-cached/FluidAudio/Sources/FluidAudio/Diarizer/Offline/Clustering/VBxClustering.swift:586:25: warning: 'cblas_dgemv' was deprecated in macOS 13.3: An updated CBLAS interface supporting ILP64 is available.  Please compile with -DACCELERATE_NEW_LAPACK to access the new headers and -DACCELERATE_LAPACK_ILP64 for ILP64 support. [#DeprecatedDeclaration]
584 |                             let piBase = piPtr.baseAddress
585 |                         else { return }
586 |                         cblas_dgemv(
    |                         `- warning: 'cblas_dgemv' was deprecated in macOS 13.3: An updated CBLAS interface supporting ILP64 is available.  Please compile with -DACCELERATE_NEW_LAPACK to access the new headers and -DACCELERATE_LAPACK_ILP64 for ILP64 support. [#DeprecatedDeclaration]
587 |                             CblasRowMajor,
588 |                             CblasTrans,

$TMP/openramble-fused-tdt-cached/FluidAudio/Sources/FluidAudio/Diarizer/Offline/Clustering/VBxClustering.swift:691:13: warning: variable 'output' was never mutated; consider changing to 'let' constant
689 |         constraints: SpeakerCountConstraints?
690 |     ) -> VBxOutput {
691 |         var output = refine(rhoFeatures: rhoFeatures, initialClusters: initialClusters)
    |             `- warning: variable 'output' was never mutated; consider changing to 'let' constant
692 |
693 |         guard let constraints = constraints else {

$TMP/openramble-fused-tdt-cached/FluidAudio/Sources/FluidAudio/Diarizer/Offline/Core/OfflineDiarizerManager.swift:586:33: warning: 'cblas_daxpy' was deprecated in macOS 13.3: An updated CBLAS interface supporting ILP64 is available.  Please compile with -DACCELERATE_NEW_LAPACK to access the new headers and -DACCELERATE_LAPACK_ILP64 for ILP64 support. [#DeprecatedDeclaration]
584 |                                     let destinationBase = destinationPointer.baseAddress
585 |                                 else { return }
586 |                                 cblas_daxpy(
    |                                 `- warning: 'cblas_daxpy' was deprecated in macOS 13.3: An updated CBLAS interface supporting ILP64 is available.  Please compile with -DACCELERATE_NEW_LAPACK to access the new headers and -DACCELERATE_LAPACK_ILP64 for ILP64 support. [#DeprecatedDeclaration]
587 |                                     Int32(dimension),
588 |                                     weight,

$TMP/openramble-fused-tdt-cached/FluidAudio/Sources/FluidAudio/Diarizer/Offline/Core/OfflineDiarizerManager.swift:639:21: warning: 'cblas_daxpy' was deprecated in macOS 13.3: An updated CBLAS interface supporting ILP64 is available.  Please compile with -DACCELERATE_NEW_LAPACK to access the new headers and -DACCELERATE_LAPACK_ILP64 for ILP64 support. [#DeprecatedDeclaration]
637 |                         let destinationBase = destinationPointer.baseAddress
638 |                     else { return }
639 |                     cblas_daxpy(
    |                     `- warning: 'cblas_daxpy' was deprecated in macOS 13.3: An updated CBLAS interface supporting ILP64 is available.  Please compile with -DACCELERATE_NEW_LAPACK to access the new headers and -DACCELERATE_LAPACK_ILP64 for ILP64 support. [#DeprecatedDeclaration]
640 |                         Int32(embedding.count),
641 |                         1.0,

$TMP/openramble-fused-tdt-cached/FluidAudio/Sources/FluidAudio/Diarizer/Offline/Core/OfflineDiarizerManager.swift:684:21: warning: 'cblas_daxpy' was deprecated in macOS 13.3: An updated CBLAS interface supporting ILP64 is available.  Please compile with -DACCELERATE_NEW_LAPACK to access the new headers and -DACCELERATE_LAPACK_ILP64 for ILP64 support. [#DeprecatedDeclaration]
682 |                         let destinationBase = destinationPointer.baseAddress
683 |                     else { return }
684 |                     cblas_daxpy(
    |                     `- warning: 'cblas_daxpy' was deprecated in macOS 13.3: An updated CBLAS interface supporting ILP64 is available.  Please compile with -DACCELERATE_NEW_LAPACK to access the new headers and -DACCELERATE_LAPACK_ILP64 for ILP64 support. [#DeprecatedDeclaration]
685 |                         Int32(first.count),
686 |                         1.0,

$TMP/openramble-fused-tdt-cached/FluidAudio/Sources/FluidAudio/Diarizer/Offline/Extraction/OfflineEmbeddingExtractor.swift:776:12: warning: unnecessary check for 'macOS'; enclosing scope ensures guard will always be true
  61 |
  62 | @available(macOS 14.0, iOS 17.0, *)
  63 | struct OfflineEmbeddingExtractor {
     |        `- note: enclosing scope here
  64 |     private let fbankModel: MLModel
  65 |     private let embeddingModel: MLModel
     :
 774 |
 775 |         let options = MLPredictionOptions()
 776 |         if #available(macOS 14.0, iOS 17.0, *) {
     |            `- warning: unnecessary check for 'macOS'; enclosing scope ensures guard will always be true
 777 |             for array in audioArrays {
 778 |                 array.prefetchToNeuralEngine()

$TMP/openramble-fused-tdt-cached/FluidAudio/Sources/FluidAudio/Diarizer/Offline/Extraction/OfflineEmbeddingExtractor.swift:883:12: warning: unnecessary check for 'macOS'; enclosing scope ensures guard will always be true
  61 |
  62 | @available(macOS 14.0, iOS 17.0, *)
  63 | struct OfflineEmbeddingExtractor {
     |        `- note: enclosing scope here
  64 |     private let fbankModel: MLModel
  65 |     private let embeddingModel: MLModel
     :
 881 |         )
 882 |         let options = MLPredictionOptions()
 883 |         if #available(macOS 14.0, iOS 17.0, *) {
     |            `- warning: unnecessary check for 'macOS'; enclosing scope ensures guard will always be true
 884 |             fbankFeatures.prefetchToNeuralEngine()
 885 |             weightsArray.prefetchToNeuralEngine()

$TMP/openramble-fused-tdt-cached/FluidAudio/Sources/FluidAudio/Diarizer/Offline/Utils/OfflineReconstruction.swift:319:25: warning: 'cblas_saxpy' was deprecated in macOS 13.3: An updated CBLAS interface supporting ILP64 is available.  Please compile with -DACCELERATE_NEW_LAPACK to access the new headers and -DACCELERATE_LAPACK_ILP64 for ILP64 support. [#DeprecatedDeclaration]
317 |                             let destinationBase = destinationPointer.baseAddress
318 |                         else { return }
319 |                         cblas_saxpy(
    |                         `- warning: 'cblas_saxpy' was deprecated in macOS 13.3: An updated CBLAS interface supporting ILP64 is available.  Please compile with -DACCELERATE_NEW_LAPACK to access the new headers and -DACCELERATE_LAPACK_ILP64 for ILP64 support. [#DeprecatedDeclaration]
320 |                             Int32(embedding.count),
321 |                             1.0,

$TMP/openramble-fused-tdt-cached/FluidAudio/Sources/FluidAudio/Diarizer/Offline/Utils/VDSPOperations.swift:48:21: warning: 'cblas_sgemv' was deprecated in macOS 13.3: An updated CBLAS interface supporting ILP64 is available.  Please compile with -DACCELERATE_NEW_LAPACK to access the new headers and -DACCELERATE_LAPACK_ILP64 for ILP64 support. [#DeprecatedDeclaration]
 46 |             vector.withUnsafeBufferPointer { vectorPointer in
 47 |                 result.withUnsafeMutableBufferPointer { resultPointer in
 48 |                     cblas_sgemv(
    |                     `- warning: 'cblas_sgemv' was deprecated in macOS 13.3: An updated CBLAS interface supporting ILP64 is available.  Please compile with -DACCELERATE_NEW_LAPACK to access the new headers and -DACCELERATE_LAPACK_ILP64 for ILP64 support. [#DeprecatedDeclaration]
 49 |                         CblasRowMajor,
 50 |                         CblasNoTrans,

$TMP/openramble-fused-tdt-cached/FluidAudio/Sources/FluidAudio/Diarizer/Offline/Utils/VDSPOperations.swift:107:21: warning: 'cblas_sgemm' was deprecated in macOS 13.3: An updated CBLAS interface supporting ILP64 is available.  Please compile with -DACCELERATE_NEW_LAPACK to access the new headers and -DACCELERATE_LAPACK_ILP64 for ILP64 support. [#DeprecatedDeclaration]
105 |             flatB.withUnsafeBufferPointer { bPointer in
106 |                 flatResult.withUnsafeMutableBufferPointer { resultPointer in
107 |                     cblas_sgemm(
    |                     `- warning: 'cblas_sgemm' was deprecated in macOS 13.3: An updated CBLAS interface supporting ILP64 is available.  Please compile with -DACCELERATE_NEW_LAPACK to access the new headers and -DACCELERATE_LAPACK_ILP64 for ILP64 support. [#DeprecatedDeclaration]
108 |                         CblasRowMajor,
109 |                         CblasNoTrans,

$TMP/openramble-fused-tdt-cached/FluidAudio/Sources/FluidAudio/Diarizer/Offline/Utils/VDSPOperations.swift:249:21: warning: 'cblas_sgemm' was deprecated in macOS 13.3: An updated CBLAS interface supporting ILP64 is available.  Please compile with -DACCELERATE_NEW_LAPACK to access the new headers and -DACCELERATE_LAPACK_ILP64 for ILP64 support. [#DeprecatedDeclaration]
247 |             flatB.withUnsafeBufferPointer { bPointer in
248 |                 dotProducts.withUnsafeMutableBufferPointer { resultPointer in
249 |                     cblas_sgemm(
    |                     `- warning: 'cblas_sgemm' was deprecated in macOS 13.3: An updated CBLAS interface supporting ILP64 is available.  Please compile with -DACCELERATE_NEW_LAPACK to access the new headers and -DACCELERATE_LAPACK_ILP64 for ILP64 support. [#DeprecatedDeclaration]
250 |                         CblasRowMajor,
251 |                         CblasNoTrans,

$TMP/openramble-fused-tdt-cached/FluidAudio/Sources/FluidAudio/Shared/ANEMemoryUtils.swift:101:9: warning: switch must be exhaustive
 99 |     /// Get element size in bytes for a given data type
100 |     public static func getElementSize(for dataType: MLMultiArrayDataType) -> Int {
101 |         switch dataType {
    |         |- warning: switch must be exhaustive
    |         `- note: add missing case: '.int8'
102 |         case .float16:
103 |             return 2

$TMP/openramble-fused-tdt-cached/FluidAudio/Sources/FluidAudio/Shared/AudioConverter.swift:150:21: warning: result of call to 'withUnsafeBufferPointer' is unused [#no-usage]
148 |         // Copy samples into buffer
149 |         if let channelData = inputBuffer.floatChannelData {
150 |             samples.withUnsafeBufferPointer { src in
    |                     `- warning: result of call to 'withUnsafeBufferPointer' is unused [#no-usage]
151 |                 memcpy(channelData[0], src.baseAddress!, samples.count * MemoryLayout<Float>.stride)
152 |             }

$TMP/openramble-fused-tdt-cached/FluidAudio/Sources/FluidAudio/Shared/SystemInfo.swift:144:16: warning: 'init(cString:)' is deprecated: Use String(decoding: array, as: UTF8.self) instead, after truncating the null termination. [#DeprecatedDeclaration]
142 |         }
143 |         guard result == 0 else { return nil }
144 |         return String(cString: buffer)
    |                `- warning: 'init(cString:)' is deprecated: Use String(decoding: array, as: UTF8.self) instead, after truncating the null termination. [#DeprecatedDeclaration]
145 |         #else
146 |         return nil

$TMP/openramble-fused-tdt-cached/FluidAudio/Sources/FluidAudio/TTS/StyleTTS2/Pipeline/Synthesize/StyleTTS2GlueOps.swift:90:21: warning: 'cblas_sgemm' was deprecated in macOS 13.3: An updated CBLAS interface supporting ILP64 is available.  Please compile with -DACCELERATE_NEW_LAPACK to access the new headers and -DACCELERATE_LAPACK_ILP64 for ILP64 support. [#DeprecatedDeclaration]
 88 |             features.withUnsafeBufferPointer { fPtr in
 89 |                 alignment.withUnsafeBufferPointer { aPtr in
 90 |                     cblas_sgemm(
    |                     `- warning: 'cblas_sgemm' was deprecated in macOS 13.3: An updated CBLAS interface supporting ILP64 is available.  Please compile with -DACCELERATE_NEW_LAPACK to access the new headers and -DACCELERATE_LAPACK_ILP64 for ILP64 support. [#DeprecatedDeclaration]
 91 |                         CblasRowMajor, CblasNoTrans, CblasNoTrans,
 92 |                         Int32(channels), Int32(totalFrames), Int32(realN),

$TMP/openramble-fused-tdt-cached/FluidAudio/Sources/FluidAudio/TTS/StyleTTS2/Pipeline/Synthesize/StyleTTS2MultiArray.swift:45:9: warning: switch must be exhaustive
43 |         let n = arr.count
44 |         var out = [Float](repeating: 0, count: n)
45 |         switch arr.dataType {
   |         |- warning: switch must be exhaustive
   |         `- note: add missing case: '.int8'
46 |         case .float32:
47 |             let src = arr.dataPointer.bindMemory(to: Float.self, capacity: n)

$TMP/openramble-fused-tdt-cached/FluidAudio/Sources/FluidAudio/TTS/Supertonic3/Pipeline/Synthesize/Supertonic3MultiArray.swift:49:9: warning: switch must be exhaustive
47 |         let n = arr.count
48 |         var out = [Float](repeating: 0, count: n)
49 |         switch arr.dataType {
   |         |- warning: switch must be exhaustive
   |         `- note: add missing case: '.int8'
50 |         case .float32:
51 |             let src = arr.dataPointer.bindMemory(to: Float.self, capacity: n)

$TMP/openramble-fused-tdt-cached/FluidAudio/Sources/FluidAudio/TTS/KokoroAne/G2P/Mandarin/MandarinNumberNormalizer.swift:95:27: warning: will never be executed
 92 |         }
 93 |         if h > 0 {
 94 |             if pendingZero {
    |                `- note: condition always evaluates to false
 95 |                 result += "零"
    |                           `- warning: will never be executed
 96 |                 pendingZero = false
 97 |             }

[#DeprecatedDeclaration]: <https://docs.swift.org/compiler/documentation/diagnostics/deprecated-declaration>
[#TemporaryPointers]: <https://docs.swift.org/compiler/documentation/diagnostics/temporary-pointers>
[5/7] Compiling fused_tdt_smoke main.swift
[5/7] Write Objects.LinkFileList
[6/7] Linking fused-tdt-smoke
Build complete! (41.00s)
